[debug] [2026-04-28T06:52:39.605Z] ----------------------------------------------------------------------
[debug] [2026-04-28T06:52:39.610Z] Command:       /Users/vikramreddythummala/.nvm/versions/node/v20.19.0/bin/node /Users/vikramreddythummala/.nvm/versions/node/v20.19.0/bin/firebase init
[debug] [2026-04-28T06:52:39.610Z] CLI Version:   15.15.0
[debug] [2026-04-28T06:52:39.611Z] Platform:      darwin
[debug] [2026-04-28T06:52:39.611Z] Node Version:  v20.19.0
[debug] [2026-04-28T06:52:39.611Z] Time:          Tue Apr 28 2026 12:22:39 GMT+0530 (India Standard Time)
[debug] [2026-04-28T06:52:39.611Z] ----------------------------------------------------------------------
[debug] 
[info] 
     ######## #### ########  ######## ########     ###     ######  ########
     ##        ##  ##     ## ##       ##     ##  ##   ##  ##       ##
     ######    ##  ########  ######   ########  #########  ######  ######
     ##        ##  ##    ##  ##       ##     ## ##     ##       ## ##
     ##       #### ##     ## ######## ########  ##     ##  ######  ########

You're about to initialize a Firebase project in this directory:

  /Users/vikramreddythummala/Documents/Seva

[debug] [2026-04-28T06:54:22.031Z] ----------------------------------------------------------------------
[debug] [2026-04-28T06:54:22.033Z] Command:       /Users/vikramreddythummala/.nvm/versions/node/v20.19.0/bin/node /Users/vikramreddythummala/.nvm/versions/node/v20.19.0/bin/firebase init
[debug] [2026-04-28T06:54:22.034Z] CLI Version:   15.15.0
[debug] [2026-04-28T06:54:22.034Z] Platform:      darwin
[debug] [2026-04-28T06:54:22.034Z] Node Version:  v20.19.0
[debug] [2026-04-28T06:54:22.034Z] Time:          Tue Apr 28 2026 12:24:22 GMT+0530 (India Standard Time)
[debug] [2026-04-28T06:54:22.034Z] ----------------------------------------------------------------------
[debug] 
[info] 
     ######## #### ########  ######## ########     ###     ######  ########
     ##        ##  ##     ## ##       ##     ##  ##   ##  ##       ##
     ######    ##  ########  ######   ########  #########  ######  ######
     ##        ##  ##    ##  ##       ##     ## ##     ##       ## ##
     ##       #### ##     ## ######## ########  ##     ##  ######  ########

You're about to initialize a Firebase project in this directory:

  /Users/vikramreddythummala/Documents/Seva

[debug] [2026-04-28T06:56:26.702Z] ExitPromptError: User force closed the prompt with SIGINT
    at Interface.sigint (/Users/vikramreddythummala/.nvm/versions/node/v20.19.0/lib/node_modules/firebase-tools/node_modules/@inquirer/core/dist/commonjs/lib/create-prompt.js:101:37)
    at Interface.emit (node:events:524:28)
    at [_ttyWrite] [as _ttyWrite] (node:internal/readline/interface:1125:18)
    at ReadStream.onkeypress (node:internal/readline/interface:264:20)
    at ReadStream.emit (node:events:536:35)
    at emitKeys (node:internal/readline/utils:371:14)
    at emitKeys.next (<anonymous>)
    at ReadStream.onData (node:internal/readline/emitKeypressEvents:64:36)
    at ReadStream.emit (node:events:524:28)
    at addChunk (node:internal/streams/readable:561:12)
[error] 
[error] Error: An unexpected error has occurred.
[info] 
=== Project Setup
[info] 
[info] First, let's associate this project directory with a Firebase project.
[info] You can create multiple project aliases by running firebase use --add, 
[info] 
[debug] [2026-04-28T06:58:18.381Z] > command requires scopes: ["email","openid","https://www.googleapis.com/auth/cloudplatformprojects.readonly","https://www.googleapis.com/auth/firebase","https://www.googleapis.com/auth/cloud-platform"]
[debug] [2026-04-28T06:58:18.382Z] > authorizing via signed-in user (vikramthummala6@gmail.com)
[debug] [2026-04-28T06:58:18.384Z] Checked if tokens are valid: true, expires at: 1777362742433
[debug] [2026-04-28T06:58:18.384Z] Checked if tokens are valid: true, expires at: 1777362742433
[debug] [2026-04-28T06:58:18.388Z] >>> [apiv2][query] GET https://firebase.googleapis.com/v1beta1/projects pageSize=100
[debug] [2026-04-28T06:58:19.139Z] <<< [apiv2][status] GET https://firebase.googleapis.com/v1beta1/projects 200
[debug] [2026-04-28T06:58:19.140Z] <<< [apiv2][body] GET https://firebase.googleapis.com/v1beta1/projects [omitted]
[info] 
=== Firestore Setup
[info] i  firestore: ensuring required API firestore.googleapis.com is enabled... 
[debug] [2026-04-28T06:58:39.809Z] Checked if tokens are valid: true, expires at: 1777362742433
[debug] [2026-04-28T06:58:39.809Z] Checked if tokens are valid: true, expires at: 1777362742433
[debug] [2026-04-28T06:58:39.809Z] >>> [apiv2][query] GET https://serviceusage.googleapis.com/v1/projects/seva-48f23/services/firestore.googleapis.com [none]
[debug] [2026-04-28T06:58:39.809Z] >>> [apiv2][(partial)header] GET https://serviceusage.googleapis.com/v1/projects/seva-48f23/services/firestore.googleapis.com  x-goog-user-project=seva-48f23
[debug] [2026-04-28T06:58:41.661Z] <<< [apiv2][status] GET https://serviceusage.googleapis.com/v1/projects/seva-48f23/services/firestore.googleapis.com 200
[debug] [2026-04-28T06:58:41.661Z] <<< [apiv2][body] GET https://serviceusage.googleapis.com/v1/projects/seva-48f23/services/firestore.googleapis.com [omitted]
[warn] ⚠  firestore: missing required API firestore.googleapis.com. Enabling now... 
[debug] [2026-04-28T06:58:41.662Z] Checked if tokens are valid: true, expires at: 1777362742433
[debug] [2026-04-28T06:58:41.662Z] Checked if tokens are valid: true, expires at: 1777362742433
[debug] [2026-04-28T06:58:41.662Z] >>> [apiv2][query] POST https://serviceusage.googleapis.com/v1/projects/seva-48f23/services/firestore.googleapis.com:enable [none]
[debug] [2026-04-28T06:58:41.663Z] >>> [apiv2][(partial)header] POST https://serviceusage.googleapis.com/v1/projects/seva-48f23/services/firestore.googleapis.com:enable  x-goog-user-project=seva-48f23
[debug] [2026-04-28T06:58:42.245Z] <<< [apiv2][status] POST https://serviceusage.googleapis.com/v1/projects/seva-48f23/services/firestore.googleapis.com:enable 200
[debug] [2026-04-28T06:58:42.245Z] <<< [apiv2][body] POST https://serviceusage.googleapis.com/v1/projects/seva-48f23/services/firestore.googleapis.com:enable [omitted]
[debug] [2026-04-28T06:58:52.261Z] Checked if tokens are valid: true, expires at: 1777362742433
[debug] [2026-04-28T06:58:52.261Z] Checked if tokens are valid: true, expires at: 1777362742433
[debug] [2026-04-28T06:58:52.261Z] >>> [apiv2][query] GET https://firestore.googleapis.com/v1/projects/seva-48f23/databases [none]
[debug] [2026-04-28T06:58:53.046Z] <<< [apiv2][status] GET https://firestore.googleapis.com/v1/projects/seva-48f23/databases 200
[debug] [2026-04-28T06:58:53.047Z] <<< [apiv2][body] GET https://firestore.googleapis.com/v1/projects/seva-48f23/databases {}
[debug] [2026-04-28T06:58:53.047Z] Checked if tokens are valid: true, expires at: 1777362742433
[debug] [2026-04-28T06:58:53.047Z] Checked if tokens are valid: true, expires at: 1777362742433
[debug] [2026-04-28T06:58:53.047Z] >>> [apiv2][query] GET https://firestore.googleapis.com/v1/projects/seva-48f23/locations [none]
[debug] [2026-04-28T06:58:53.507Z] <<< [apiv2][status] GET https://firestore.googleapis.com/v1/projects/seva-48f23/locations 200
[debug] [2026-04-28T06:58:53.508Z] <<< [apiv2][body] GET https://firestore.googleapis.com/v1/projects/seva-48f23/locations {"locations":[{"name":"projects/seva-48f23/locations/eur3","labels":{"appengine.googleapis.com/geo":"europe-west","cloud.googleapis.com/location":"eur3","cloud.googleapis.com/geo":"eur3"},"metadata":{"@type":"type.googleapis.com/google.firestore.admin.v1.LocationMetadata"},"locationId":"eur3","displayName":"Europe"},{"name":"projects/seva-48f23/locations/nam5","labels":{"appengine.googleapis.com/geo":"us-central","cloud.googleapis.com/location":"nam5","cloud.googleapis.com/geo":"nam5"},"metadata":{"@type":"type.googleapis.com/google.firestore.admin.v1.LocationMetadata"},"locationId":"nam5","displayName":"United States"},{"name":"projects/seva-48f23/locations/nam7","labels":{"cloud.googleapis.com/location":"nam7","cloud.googleapis.com/geo":"nam7"},"metadata":{"@type":"type.googleapis.com/google.firestore.admin.v1.LocationMetadata"},"locationId":"nam7","displayName":"United States"},{"name":"projects/seva-48f23/locations/africa-south1","labels":{"cloud.googleapis.com/location":"africa-south1","cloud.googleapis.com/region":"africa-south1"},"metadata":{"@type":"type.googleapis.com/google.firestore.admin.v1.LocationMetadata"},"locationId":"africa-south1","displayName":"Johannesburg"},{"name":"projects/seva-48f23/locations/asia-east1","labels":{"appengine.googleapis.com/region":"asia-east1","cloud.googleapis.com/location":"asia-east1","cloud.googleapis.com/region":"asia-east1"},"metadata":{"@type":"type.googleapis.com/google.firestore.admin.v1.LocationMetadata"},"locationId":"asia-east1","displayName":"Taiwan"},{"name":"projects/seva-48f23/locations/asia-east2","labels":{"appengine.googleapis.com/region":"asia-east2","cloud.googleapis.com/location":"asia-east2","cloud.googleapis.com/region":"asia-east2"},"metadata":{"@type":"type.googleapis.com/google.firestore.admin.v1.LocationMetadata"},"locationId":"asia-east2","displayName":"Hong Kong"},{"name":"projects/seva-48f23/locations/asia-northeast1","labels":{"appengine.googleapis.com/region":"asia-northeast1","cloud.googleapis.com/location":"asia-northeast1","cloud.googleapis.com/region":"asia-northeast1"},"metadata":{"@type":"type.googleapis.com/google.firestore.admin.v1.LocationMetadata"},"locationId":"asia-northeast1","displayName":"Tokyo"},{"name":"projects/seva-48f23/locations/asia-northeast2","labels":{"appengine.googleapis.com/region":"asia-northeast2","cloud.googleapis.com/location":"asia-northeast2","cloud.googleapis.com/region":"asia-northeast2"},"metadata":{"@type":"type.googleapis.com/google.firestore.admin.v1.LocationMetadata"},"locationId":"asia-northeast2","displayName":"Osaka"},{"name":"projects/seva-48f23/locations/asia-northeast3","labels":{"appengine.googleapis.com/region":"asia-northeast3","cloud.googleapis.com/location":"asia-northeast3","cloud.googleapis.com/region":"asia-northeast3"},"metadata":{"@type":"type.googleapis.com/google.firestore.admin.v1.LocationMetadata"},"locationId":"asia-northeast3","displayName":"Seoul"},{"name":"projects/seva-48f23/locations/asia-south1","labels":{"appengine.googleapis.com/region":"asia-south1","cloud.googleapis.com/location":"asia-south1","cloud.googleapis.com/region":"asia-south1"},"metadata":{"@type":"type.googleapis.com/google.firestore.admin.v1.LocationMetadata"},"locationId":"asia-south1","displayName":"Mumbai"},{"name":"projects/seva-48f23/locations/asia-south2","labels":{"cloud.googleapis.com/location":"asia-south2","cloud.googleapis.com/region":"asia-south2"},"metadata":{"@type":"type.googleapis.com/google.firestore.admin.v1.LocationMetadata"},"locationId":"asia-south2","displayName":"Delhi"},{"name":"projects/seva-48f23/locations/asia-southeast1","labels":{"appengine.googleapis.com/region":"asia-southeast1","cloud.googleapis.com/location":"asia-southeast1","cloud.googleapis.com/region":"asia-southeast1"},"metadata":{"@type":"type.googleapis.com/google.firestore.admin.v1.LocationMetadata"},"locationId":"asia-southeast1","displayName":"Singapore"},{"name":"projects/seva-48f23/locations/asia-southeast2","labels":{"appengine.googleapis.com/region":"asia-southeast2","cloud.googleapis.com/location":"asia-southeast2","cloud.googleapis.com/region":"asia-southeast2"},"metadata":{"@type":"type.googleapis.com/google.firestore.admin.v1.LocationMetadata"},"locationId":"asia-southeast2","displayName":"Jakarta"},{"name":"projects/seva-48f23/locations/asia-southeast3","labels":{"cloud.googleapis.com/location":"asia-southeast3","cloud.googleapis.com/region":"asia-southeast3"},"metadata":{"@type":"type.googleapis.com/google.firestore.admin.v1.LocationMetadata"},"locationId":"asia-southeast3","displayName":"Bangkok"},{"name":"projects/seva-48f23/locations/australia-southeast1","labels":{"appengine.googleapis.com/region":"australia-southeast1","cloud.googleapis.com/location":"australia-southeast1","cloud.googleapis.com/region":"australia-southeast1"},"metadata":{"@type":"type.googleapis.com/google.firestore.admin.v1.LocationMetadata"},"locationId":"australia-southeast1","displayName":"Sydney"},{"name":"projects/seva-48f23/locations/australia-southeast2","labels":{"cloud.googleapis.com/location":"australia-southeast2","cloud.googleapis.com/region":"australia-southeast2"},"metadata":{"@type":"type.googleapis.com/google.firestore.admin.v1.LocationMetadata"},"locationId":"australia-southeast2","displayName":"Melbourne"},{"name":"projects/seva-48f23/locations/europe-central2","labels":{"appengine.googleapis.com/region":"europe-central2","cloud.googleapis.com/location":"europe-central2","cloud.googleapis.com/region":"europe-central2"},"metadata":{"@type":"type.googleapis.com/google.firestore.admin.v1.LocationMetadata"},"locationId":"europe-central2","displayName":"Warsaw"},{"name":"projects/seva-48f23/locations/europe-north1","labels":{"cloud.googleapis.com/location":"europe-north1","cloud.googleapis.com/region":"europe-north1"},"metadata":{"@type":"type.googleapis.com/google.firestore.admin.v1.LocationMetadata"},"locationId":"europe-north1","displayName":"Finland"},{"name":"projects/seva-48f23/locations/europe-north2","labels":{"cloud.googleapis.com/location":"europe-north2","cloud.googleapis.com/region":"europe-north2"},"metadata":{"@type":"type.googleapis.com/google.firestore.admin.v1.LocationMetadata"},"locationId":"europe-north2","displayName":"Stockholm"},{"name":"projects/seva-48f23/locations/europe-southwest1","labels":{"cloud.googleapis.com/location":"europe-southwest1","cloud.googleapis.com/region":"europe-southwest1"},"metadata":{"@type":"type.googleapis.com/google.firestore.admin.v1.LocationMetadata"},"locationId":"europe-southwest1","displayName":"Madrid"},{"name":"projects/seva-48f23/locations/europe-west1","labels":{"cloud.googleapis.com/location":"europe-west1","cloud.googleapis.com/region":"europe-west1"},"metadata":{"@type":"type.googleapis.com/google.firestore.admin.v1.LocationMetadata"},"locationId":"europe-west1","displayName":"Belgium"},{"name":"projects/seva-48f23/locations/europe-west10","labels":{"cloud.googleapis.com/location":"europe-west10","cloud.googleapis.com/region":"europe-west10"},"metadata":{"@type":"type.googleapis.com/google.firestore.admin.v1.LocationMetadata"},"locationId":"europe-west10","displayName":"Berlin"},{"name":"projects/seva-48f23/locations/europe-west12","labels":{"cloud.googleapis.com/location":"europe-west12","cloud.googleapis.com/region":"europe-west12"},"metadata":{"@type":"type.googleapis.com/google.firestore.admin.v1.LocationMetadata"},"locationId":"europe-west12","displayName":"Turin"},{"name":"projects/seva-48f23/locations/europe-west2","labels":{"appengine.googleapis.com/region":"europe-west2","cloud.googleapis.com/location":"europe-west2","cloud.googleapis.com/region":"europe-west2"},"metadata":{"@type":"type.googleapis.com/google.firestore.admin.v1.LocationMetadata"},"locationId":"europe-west2","displayName":"London"},{"name":"projects/seva-48f23/locations/europe-west3","labels":{"appengine.googleapis.com/region":"europe-west3","cloud.googleapis.com/location":"europe-west3","cloud.googleapis.com/region":"europe-west3"},"metadata":{"@type":"type.googleapis.com/google.firestore.admin.v1.LocationMetadata"},"locationId":"europe-west3","displayName":"Frankfurt"},{"name":"projects/seva-48f23/locations/europe-west4","labels":{"cloud.googleapis.com/location":"europe-west4","cloud.googleapis.com/region":"europe-west4"},"metadata":{"@type":"type.googleapis.com/google.firestore.admin.v1.LocationMetadata"},"locationId":"europe-west4","displayName":"Netherlands"},{"name":"projects/seva-48f23/locations/europe-west6","labels":{"appengine.googleapis.com/region":"europe-west6","cloud.googleapis.com/location":"europe-west6","cloud.googleapis.com/region":"europe-west6"},"metadata":{"@type":"type.googleapis.com/google.firestore.admin.v1.LocationMetadata"},"locationId":"europe-west6","displayName":"Zurich"},{"name":"projects/seva-48f23/locations/europe-west8","labels":{"cloud.googleapis.com/location":"europe-west8","cloud.googleapis.com/region":"europe-west8"},"metadata":{"@type":"type.googleapis.com/google.firestore.admin.v1.LocationMetadata"},"locationId":"europe-west8","displayName":"Milan"},{"name":"projects/seva-48f23/locations/europe-west9","labels":{"cloud.googleapis.com/location":"europe-west9","cloud.googleapis.com/region":"europe-west9"},"metadata":{"@type":"type.googleapis.com/google.firestore.admin.v1.LocationMetadata"},"locationId":"europe-west9","displayName":"Paris"},{"name":"projects/seva-48f23/locations/me-central1","labels":{"cloud.googleapis.com/location":"me-central1","cloud.googleapis.com/region":"me-central1"},"metadata":{"@type":"type.googleapis.com/google.firestore.admin.v1.LocationMetadata"},"locationId":"me-central1","displayName":"Doha"},{"name":"projects/seva-48f23/locations/me-central2","labels":{"cloud.googleapis.com/location":"me-central2","cloud.googleapis.com/region":"me-central2"},"metadata":{"@type":"type.googleapis.com/google.firestore.admin.v1.LocationMetadata"},"locationId":"me-central2","displayName":"Dammam"},{"name":"projects/seva-48f23/locations/me-west1","labels":{"cloud.googleapis.com/location":"me-west1","cloud.googleapis.com/region":"me-west1"},"metadata":{"@type":"type.googleapis.com/google.firestore.admin.v1.LocationMetadata"},"locationId":"me-west1","displayName":"Tel Aviv"},{"name":"projects/seva-48f23/locations/northamerica-northeast1","labels":{"appengine.googleapis.com/region":"northamerica-northeast1","cloud.googleapis.com/location":"northamerica-northeast1","cloud.googleapis.com/region":"northamerica-northeast1"},"metadata":{"@type":"type.googleapis.com/google.firestore.admin.v1.LocationMetadata"},"locationId":"northamerica-northeast1","displayName":"Montréal"},{"name":"projects/seva-48f23/locations/northamerica-northeast2","labels":{"cloud.googleapis.com/location":"northamerica-northeast2","cloud.googleapis.com/region":"northamerica-northeast2"},"metadata":{"@type":"type.googleapis.com/google.firestore.admin.v1.LocationMetadata"},"locationId":"northamerica-northeast2","displayName":"Toronto"},{"name":"projects/seva-48f23/locations/northamerica-south1","labels":{"cloud.googleapis.com/location":"northamerica-south1","cloud.googleapis.com/region":"northamerica-south1"},"metadata":{"@type":"type.googleapis.com/google.firestore.admin.v1.LocationMetadata"},"locationId":"northamerica-south1","displayName":"Mexico"},{"name":"projects/seva-48f23/locations/southamerica-east1","labels":{"appengine.googleapis.com/region":"southamerica-east1","cloud.googleapis.com/location":"southamerica-east1","cloud.googleapis.com/region":"southamerica-east1"},"metadata":{"@type":"type.googleapis.com/google.firestore.admin.v1.LocationMetadata"},"locationId":"southamerica-east1","displayName":"São Paulo"},{"name":"projects/seva-48f23/locations/southamerica-west1","labels":{"cloud.googleapis.com/location":"southamerica-west1","cloud.googleapis.com/region":"southamerica-west1"},"metadata":{"@type":"type.googleapis.com/google.firestore.admin.v1.LocationMetadata"},"locationId":"southamerica-west1","displayName":"Santiago"},{"name":"projects/seva-48f23/locations/us-central1","labels":{"cloud.googleapis.com/location":"us-central1","cloud.googleapis.com/region":"us-central1"},"metadata":{"@type":"type.googleapis.com/google.firestore.admin.v1.LocationMetadata"},"locationId":"us-central1","displayName":"Iowa"},{"name":"projects/seva-48f23/locations/us-east1","labels":{"appengine.googleapis.com/region":"us-east1","cloud.googleapis.com/location":"us-east1","cloud.googleapis.com/region":"us-east1"},"metadata":{"@type":"type.googleapis.com/google.firestore.admin.v1.LocationMetadata"},"locationId":"us-east1","displayName":"South Carolina"},{"name":"projects/seva-48f23/locations/us-east4","labels":{"appengine.googleapis.com/region":"us-east4","cloud.googleapis.com/location":"us-east4","cloud.googleapis.com/region":"us-east4"},"metadata":{"@type":"type.googleapis.com/google.firestore.admin.v1.LocationMetadata"},"locationId":"us-east4","displayName":"Northern Virginia"},{"name":"projects/seva-48f23/locations/us-east5","labels":{"cloud.googleapis.com/location":"us-east5","cloud.googleapis.com/region":"us-east5"},"metadata":{"@type":"type.googleapis.com/google.firestore.admin.v1.LocationMetadata"},"locationId":"us-east5","displayName":"Columbus"},{"name":"projects/seva-48f23/locations/us-south1","labels":{"cloud.googleapis.com/location":"us-south1","cloud.googleapis.com/region":"us-south1"},"metadata":{"@type":"type.googleapis.com/google.firestore.admin.v1.LocationMetadata"},"locationId":"us-south1","displayName":"Dallas"},{"name":"projects/seva-48f23/locations/us-west1","labels":{"appengine.googleapis.com/region":"us-west1","cloud.googleapis.com/location":"us-west1","cloud.googleapis.com/region":"us-west1"},"metadata":{"@type":"type.googleapis.com/google.firestore.admin.v1.LocationMetadata"},"locationId":"us-west1","displayName":"Oregon"},{"name":"projects/seva-48f23/locations/us-west2","labels":{"appengine.googleapis.com/region":"us-west2","cloud.googleapis.com/location":"us-west2","cloud.googleapis.com/region":"us-west2"},"metadata":{"@type":"type.googleapis.com/google.firestore.admin.v1.LocationMetadata"},"locationId":"us-west2","displayName":"Los Angeles"},{"name":"projects/seva-48f23/locations/us-west3","labels":{"appengine.googleapis.com/region":"us-west3","cloud.googleapis.com/location":"us-west3","cloud.googleapis.com/region":"us-west3"},"metadata":{"@type":"type.googleapis.com/google.firestore.admin.v1.LocationMetadata"},"locationId":"us-west3","displayName":"Salt Lake City"},{"name":"projects/seva-48f23/locations/us-west4","labels":{"appengine.googleapis.com/region":"us-west4","cloud.googleapis.com/location":"us-west4","cloud.googleapis.com/region":"us-west4"},"metadata":{"@type":"type.googleapis.com/google.firestore.admin.v1.LocationMetadata"},"locationId":"us-west4","displayName":"Las Vegas"}]}
[info] 
[info] Firestore Security Rules allow you to define how and when to allow
[info] requests. You can keep these rules in your project directory
[info] and publish them with firebase deploy.
[info] 
[debug] [2026-04-28T07:00:07.771Z] Checked if tokens are valid: true, expires at: 1777362742433
[debug] [2026-04-28T07:00:07.771Z] Checked if tokens are valid: true, expires at: 1777362742433
[debug] [2026-04-28T07:00:07.771Z] >>> [apiv2][query] GET https://firebaserules.googleapis.com/v1/projects/seva-48f23/releases pageSize=10&pageToken=
[debug] [2026-04-28T07:00:10.132Z] <<< [apiv2][status] GET https://firebaserules.googleapis.com/v1/projects/seva-48f23/releases 200
[debug] [2026-04-28T07:00:10.132Z] <<< [apiv2][body] GET https://firebaserules.googleapis.com/v1/projects/seva-48f23/releases {}
[info] 
[info] Firestore indexes allow you to perform complex queries while
[info] maintaining performance that scales with the size of the result
[info] set. You can keep index definitions in your project directory
[info] and publish them with firebase deploy.
[info] 
[debug] [2026-04-28T07:00:22.503Z] Checked if tokens are valid: true, expires at: 1777362742433
[debug] [2026-04-28T07:00:22.504Z] Checked if tokens are valid: true, expires at: 1777362742433
[debug] [2026-04-28T07:00:22.504Z] Checked if tokens are valid: true, expires at: 1777362742433
[debug] [2026-04-28T07:00:22.504Z] Checked if tokens are valid: true, expires at: 1777362742433
[debug] [2026-04-28T07:00:22.504Z] >>> [apiv2][query] GET https://firestore.googleapis.com/v1/projects/seva-48f23/databases/(default)/collectionGroups/-/indexes [none]
[debug] [2026-04-28T07:00:22.506Z] >>> [apiv2][query] GET https://firestore.googleapis.com/v1/projects/seva-48f23/databases/(default)/collectionGroups/-/fields?filter=indexConfig.usesAncestorConfig=false OR ttlConfig:* [none]
[debug] [2026-04-28T07:00:23.550Z] <<< [apiv2][status] GET https://firestore.googleapis.com/v1/projects/seva-48f23/databases/(default)/collectionGroups/-/fields?filter=indexConfig.usesAncestorConfig=false OR ttlConfig:* 404
[debug] [2026-04-28T07:00:23.550Z] <<< [apiv2][body] GET https://firestore.googleapis.com/v1/projects/seva-48f23/databases/(default)/collectionGroups/-/fields?filter=indexConfig.usesAncestorConfig=false OR ttlConfig:* {"error":{"code":404,"message":"Project 'seva-48f23' or database '(default)' does not exist.","status":"NOT_FOUND"}}
[info] ✔  Wrote firestore.rules 
[info] ✔  Wrote firestore.indexes.json 
[info] 
=== Functions Setup
[debug] [2026-04-28T07:00:23.554Z] > command requires scopes: ["email","openid","https://www.googleapis.com/auth/cloudplatformprojects.readonly","https://www.googleapis.com/auth/firebase","https://www.googleapis.com/auth/cloud-platform"]
[debug] [2026-04-28T07:00:23.554Z] > authorizing via signed-in user (vikramthummala6@gmail.com)
[debug] [2026-04-28T07:00:23.554Z] [iam] checking project seva-48f23 for permissions ["firebase.projects.get"]
[debug] [2026-04-28T07:00:23.555Z] Checked if tokens are valid: true, expires at: 1777362742433
[debug] [2026-04-28T07:00:23.555Z] Checked if tokens are valid: true, expires at: 1777362742433
[debug] [2026-04-28T07:00:23.555Z] >>> [apiv2][query] POST https://cloudresourcemanager.googleapis.com/v1/projects/seva-48f23:testIamPermissions [none]
[debug] [2026-04-28T07:00:23.555Z] >>> [apiv2][(partial)header] POST https://cloudresourcemanager.googleapis.com/v1/projects/seva-48f23:testIamPermissions  x-goog-user-project=seva-48f23
[debug] [2026-04-28T07:00:23.555Z] >>> [apiv2][body] POST https://cloudresourcemanager.googleapis.com/v1/projects/seva-48f23:testIamPermissions {"permissions":["firebase.projects.get"]}
[debug] [2026-04-28T07:00:23.556Z] <<< [apiv2][status] GET https://firestore.googleapis.com/v1/projects/seva-48f23/databases/(default)/collectionGroups/-/indexes 404
[debug] [2026-04-28T07:00:23.556Z] <<< [apiv2][body] GET https://firestore.googleapis.com/v1/projects/seva-48f23/databases/(default)/collectionGroups/-/indexes {"error":{"code":404,"message":"Project 'seva-48f23' or database '(default)' does not exist.","status":"NOT_FOUND"}}
[debug] [2026-04-28T07:00:25.082Z] <<< [apiv2][status] POST https://cloudresourcemanager.googleapis.com/v1/projects/seva-48f23:testIamPermissions 200
[debug] [2026-04-28T07:00:25.083Z] <<< [apiv2][body] POST https://cloudresourcemanager.googleapis.com/v1/projects/seva-48f23:testIamPermissions {"permissions":["firebase.projects.get"]}
[debug] [2026-04-28T07:00:25.083Z] Checked if tokens are valid: true, expires at: 1777362742433
[debug] [2026-04-28T07:00:25.083Z] Checked if tokens are valid: true, expires at: 1777362742433
[debug] [2026-04-28T07:00:25.083Z] Checked if tokens are valid: true, expires at: 1777362742433
[debug] [2026-04-28T07:00:25.083Z] Checked if tokens are valid: true, expires at: 1777362742433
[debug] [2026-04-28T07:00:25.084Z] >>> [apiv2][query] GET https://serviceusage.googleapis.com/v1/projects/seva-48f23/services/cloudfunctions.googleapis.com [none]
[debug] [2026-04-28T07:00:25.084Z] >>> [apiv2][(partial)header] GET https://serviceusage.googleapis.com/v1/projects/seva-48f23/services/cloudfunctions.googleapis.com  x-goog-user-project=seva-48f23
[debug] [2026-04-28T07:00:25.086Z] >>> [apiv2][query] GET https://serviceusage.googleapis.com/v1/projects/seva-48f23/services/runtimeconfig.googleapis.com [none]
[debug] [2026-04-28T07:00:25.086Z] >>> [apiv2][(partial)header] GET https://serviceusage.googleapis.com/v1/projects/seva-48f23/services/runtimeconfig.googleapis.com  x-goog-user-project=seva-48f23
[debug] [2026-04-28T07:00:26.760Z] <<< [apiv2][status] GET https://serviceusage.googleapis.com/v1/projects/seva-48f23/services/runtimeconfig.googleapis.com 200
[debug] [2026-04-28T07:00:26.760Z] <<< [apiv2][body] GET https://serviceusage.googleapis.com/v1/projects/seva-48f23/services/runtimeconfig.googleapis.com [omitted]
[debug] [2026-04-28T07:00:26.854Z] <<< [apiv2][status] GET https://serviceusage.googleapis.com/v1/projects/seva-48f23/services/cloudfunctions.googleapis.com 200
[debug] [2026-04-28T07:00:26.855Z] <<< [apiv2][body] GET https://serviceusage.googleapis.com/v1/projects/seva-48f23/services/cloudfunctions.googleapis.com [omitted]
[debug] [2026-04-28T07:00:26.855Z] Checked if tokens are valid: true, expires at: 1777362742433
[debug] [2026-04-28T07:00:26.855Z] Checked if tokens are valid: true, expires at: 1777362742433
[debug] [2026-04-28T07:00:26.855Z] >>> [apiv2][query] POST https://serviceusage.googleapis.com/v1/projects/seva-48f23/services/cloudfunctions.googleapis.com:enable [none]
[debug] [2026-04-28T07:00:26.855Z] >>> [apiv2][(partial)header] POST https://serviceusage.googleapis.com/v1/projects/seva-48f23/services/cloudfunctions.googleapis.com:enable  x-goog-user-project=seva-48f23
[debug] [2026-04-28T07:00:27.476Z] <<< [apiv2][status] POST https://serviceusage.googleapis.com/v1/projects/seva-48f23/services/cloudfunctions.googleapis.com:enable 200
[debug] [2026-04-28T07:00:27.476Z] <<< [apiv2][body] POST https://serviceusage.googleapis.com/v1/projects/seva-48f23/services/cloudfunctions.googleapis.com:enable [omitted]
[info] Let's create a new codebase for your functions.
[info] A directory corresponding to the codebase will be created in your project
[info] with sample code pre-configured.

[info] See https://firebase.google.com/docs/functions/organize-functions for
[info] more information on organizing your functions using codebases.

[info] Functions can be deployed with firebase deploy.

[info] ✔  Wrote functions/.eslintrc.js 
[info] ✔  Wrote functions/package.json 
[info] ✔  Wrote functions/index.js 
[info] ✔  Wrote functions/.gitignore 
[info] 
=== Hosting Setup
[debug] [2026-04-28T07:01:50.937Z] Checked if tokens are valid: true, expires at: 1777362742433
[debug] [2026-04-28T07:01:50.937Z] Checked if tokens are valid: true, expires at: 1777362742433
[debug] [2026-04-28T07:01:50.937Z] >>> [apiv2][query] GET https://firebase.googleapis.com/v1beta1/projects/seva-48f23 [none]
[debug] [2026-04-28T07:01:51.473Z] <<< [apiv2][status] GET https://firebase.googleapis.com/v1beta1/projects/seva-48f23 200
[debug] [2026-04-28T07:01:51.474Z] <<< [apiv2][body] GET https://firebase.googleapis.com/v1beta1/projects/seva-48f23 {"projectId":"seva-48f23","projectNumber":"311950470231","displayName":"seva","name":"projects/seva-48f23","resources":{"hostingSite":"seva-48f23"},"state":"ACTIVE","etag":"1_22125aea-b91f-448b-aeb8-08c2a667b5e9"}
[info] 
[info] Your public directory is the folder (relative to your project directory) that
[info] will contain Hosting assets to be uploaded with firebase deploy. If you
[info] have a build process for your assets, use your build's output directory.
[info] 
[info] 
[info] i  Didn't detect a .git folder. Assuming /Users/vikramreddythummala/Documents/Seva is the project root. 
[info] i  Authorizing with GitHub to upload your service account to a GitHub repository's secrets store. 
[info] 
[info] Visit this URL on this device to log in:
[info] https://github.com/login/oauth/authorize?client_id=89cf50f02ac6aaed3484&state=15175798&redirect_uri=http%3A%2F%2Flocalhost%3A9005&scope=read%3Auser%20repo%20public_repo
[info] 
[info] Waiting for authentication...
[debug] [2026-04-28T07:03:15.456Z] >>> [apiv2][query] POST https://github.com/login/oauth/access_token [none]
[debug] [2026-04-28T07:03:15.461Z] >>> [apiv2][body] POST https://github.com/login/oauth/access_token [stream]
[debug] [2026-04-28T07:03:16.001Z] <<< [apiv2][status] POST https://github.com/login/oauth/access_token 200
[debug] [2026-04-28T07:03:16.001Z] <<< [apiv2][body] POST https://github.com/login/oauth/access_token {"access_token":"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","token_type":"bearer","scope":"read:user,repo"}
[debug] [2026-04-28T07:03:16.011Z] >>> [apiv2][query] GET https://api.github.com/user [none]
[debug] [2026-04-28T07:03:16.603Z] <<< [apiv2][status] GET https://api.github.com/user 200
[debug] [2026-04-28T07:03:16.603Z] <<< [apiv2][body] GET https://api.github.com/user {"login":"Vicky2004-OT","id":179467317,"node_id":"U_kgDOCrJ0NQ","avatar_url":"https://avatars.githubusercontent.com/u/179467317?v=4","gravatar_id":"","url":"https://api.github.com/users/Vicky2004-OT","html_url":"https://github.com/Vicky2004-OT","followers_url":"https://api.github.com/users/Vicky2004-OT/followers","following_url":"https://api.github.com/users/Vicky2004-OT/following{/other_user}","gists_url":"https://api.github.com/users/Vicky2004-OT/gists{/gist_id}","starred_url":"https://api.github.com/users/Vicky2004-OT/starred{/owner}{/repo}","subscriptions_url":"https://api.github.com/users/Vicky2004-OT/subscriptions","organizations_url":"https://api.github.com/users/Vicky2004-OT/orgs","repos_url":"https://api.github.com/users/Vicky2004-OT/repos","events_url":"https://api.github.com/users/Vicky2004-OT/events{/privacy}","received_events_url":"https://api.github.com/users/Vicky2004-OT/received_events","type":"User","user_view_type":"private","site_admin":false,"name":"Vikram Reddy Thummala","company":null,"blog":"","location":null,"email":null,"hireable":null,"bio":null,"twitter_username":null,"notification_email":null,"public_repos":16,"public_gists":0,"followers":4,"following":2,"created_at":"2024-08-26T09:45:10Z","updated_at":"2026-04-25T16:09:09Z","private_gists":0,"total_private_repos":2,"owned_private_repos":2,"disk_usage":46193,"collaborators":0,"two_factor_authentication":true,"plan":{"name":"free","space":976562499,"collaborators":0,"private_repos":10000}}
[info] 
[info] ✔  Success! Logged into GitHub as Vicky2004-OT 
[info] 
